[Licensing::Module] Trying to connect to existing licensing client channel...
Built from '6000.2/respin/6000.2.6f2-cc51a95c03' branch; Version is '6000.2.6f2 (4a4dcaec6541) revision 4869578'; Using compiler version '194234433'; Build Type 'Release'
[Licensing::IpcConnector] Successfully connected to: "LicenseClient-santi" at "2025-10-17T13:29:45.8923066Z"
OS: 'Windows 11  (10.0.26100) 64bit CoreSingleLanguage' Language: 'es' Physical Memory: 14181 MB
BatchMode: 1, IsHumanControllingUs: 0, StartBugReporterOnCrash: 0, Is64bit: 1
Date: 2025-10-17T13:29:45Z

COMMAND LINE ARGUMENTS:
C:\Program Files\Unity\Hub\Editor\6000.2.6f2\Editor\Unity.exe
-adb2
-batchMode
-noUpm
-name
AssetImportWorker4
-projectPath
C:/Users/santi/Documents/GitHub/Let-It-Rip/let it rip fisico1
-logFile
Logs/AssetImportWorker4.log
-srvPort
63767
-job-worker-count
7
-background-job-worker-count
8
-gc-helper-count
1
-name
AssetImport
Successfully changed project path to: C:/Users/santi/Documents/GitHub/Let-It-Rip/let it rip fisico1
C:/Users/santi/Documents/GitHub/Let-It-Rip/let it rip fisico1
[UnityMemory] Configuration Parameters - Can be set up in boot.config
    "memorysetup-allocator-temp-initial-block-size-main=262144"
    "memorysetup-allocator-temp-initial-block-size-worker=262144"
    "memorysetup-bucket-allocator-granularity=16"
    "memorysetup-bucket-allocator-bucket-count=8"
    "memorysetup-bucket-allocator-block-size=33554432"
    "memorysetup-bucket-allocator-block-count=8"
    "memorysetup-main-allocator-block-size=16777216"
    "memorysetup-thread-allocator-block-size=16777216"
    "memorysetup-gfx-main-allocator-block-size=16777216"
    "memorysetup-gfx-thread-allocator-block-size=16777216"
    "memorysetup-cache-allocator-block-size=4194304"
    "memorysetup-typetree-allocator-block-size=2097152"
    "memorysetup-profiler-bucket-allocator-granularity=16"
    "memorysetup-profiler-bucket-allocator-bucket-count=8"
    "memorysetup-profiler-bucket-allocator-block-size=33554432"
    "memorysetup-profiler-bucket-allocator-block-count=8"
    "memorysetup-profiler-allocator-block-size=16777216"
    "memorysetup-profiler-editor-allocator-block-size=1048576"
    "memorysetup-temp-allocator-size-main=16777216"
    "memorysetup-job-temp-allocator-block-size=2097152"
    "memorysetup-job-temp-allocator-block-size-background=1048576"
    "memorysetup-job-temp-allocator-reduction-small-platforms=262144"
    "memorysetup-temp-allocator-size-background-worker=32768"
    "memorysetup-temp-allocator-size-job-worker=262144"
    "memorysetup-temp-allocator-size-preload-manager=33554432"
    "memorysetup-temp-allocator-size-nav-mesh-worker=65536"
    "memorysetup-temp-allocator-size-audio-worker=65536"
    "memorysetup-temp-allocator-size-cloud-worker=32768"
    "memorysetup-temp-allocator-size-gi-baking-worker=262144"
    "memorysetup-temp-allocator-size-gi-baking-worker=262144"
    "memorysetup-temp-allocator-size-gi-baking-worker=262144"
    "memorysetup-temp-allocator-size-gi-baking-worker=262144"
    "memorysetup-temp-allocator-size-gi-baking-worker=262144"
    "memorysetup-temp-allocator-size-gfx=262144"
Player connection [14824]  Target information:

Player connection [14824]  * "[IP] 10.81.66.97 [Port] 0 [Flags] 2 [Guid] 26519939 [EditorId] 26519939 [Version] 1048832 [Id] WindowsEditor(7,SANTI-NB) [Debug] 1 [PackageName] WindowsEditor [ProjectName] Editor" 

Player connection [14824] Host joined multi-casting on [225.0.0.222:54997]...
Player connection [14824] Host joined alternative multi-casting on [225.0.0.222:34997]...
JobSystem: Creating JobQueue using job-worker-count value 7
Input System module state changed to: Initialized.
[Physics::Module] Initialized fallback backend.
[Physics::Module] Id: 0xdecafbad
[Licensing::Client] Code 10 while verifying Licensing Client signature (process Id: 2796, path: "C:/Program Files/Unity Hub/UnityLicensingClient_V1/Unity.Licensing.Client.exe")
[Licensing::Module] LicensingClient has failed validation; ignoring
[Licensing::Client] Handshaking with LicensingClient:
  Version:                 1.17.3+a4e98f1
  Session Id:              918141e5f9e64aba8170cd304d7961f1
  Correlation Id:          204668d227b22028188c1616c474a03b
  External correlation Id: 8953142837725703343
  Machine Id:              GJ9G3Rti8bfmfYrwav+Ae+zwMn8=
[Licensing::Module] Successfully connected to LicensingClient on channel: "LicenseClient-santi" (connect: 0.00s, validation: 0.00s, handshake: 0.09s)
[Licensing::IpcConnector] Successfully connected to: "LicenseClient-santi-notifications" at "2025-10-17T13:29:45.9814517Z"
[Licensing::Module] Licensing Background thread has ended after 0.09s
Library Redirect Path: Library/
[Physics::Module] Selected backend.
[Physics::Module] Name: PhysX
[Physics::Module] Id: 0xf2b8ea05
[Physics::Module] SDK Version: 4.1.2
[Physics::Module] Integration Version: 1.0.0
[Physics::Module] Threading Mode: Multi-Threaded
Refreshing native plugins compatible for Editor in 17.90 ms, found 3 plugins.
Preloading 0 native plugins for Editor in 0.00 ms.
Initialize engine version: 6000.2.6f2 (4a4dcaec6541)
[Subsystems] Discovering subsystems at path C:/Program Files/Unity/Hub/Editor/6000.2.6f2/Editor/Data/Resources/UnitySubsystems
[Subsystems] Discovering subsystems at path C:/Users/santi/Documents/GitHub/Let-It-Rip/let it rip fisico1/Assets
GfxDevice: creating device client; kGfxThreadingModeNonThreaded
d3d12: failed to query info queue interface (0x80004002).
Direct3D:
    Version:         Direct3D 12 [level 12.1]
    Renderer:        AMD Radeon(TM) Graphics (ID=0x164c)
    Vendor:          ATI
    VRAM:            7090 MB
    App VRAM Budget: 8410 MB
    Driver:          31.0.21024.2004
    Unified Memory Architecture
Initialize mono
Mono path[0] = 'C:/Program Files/Unity/Hub/Editor/6000.2.6f2/Editor/Data/Managed'
Mono path[1] = 'C:/Program Files/Unity/Hub/Editor/6000.2.6f2/Editor/Data/MonoBleedingEdge/lib/mono/unityjit-win32'
Mono config path = 'C:/Program Files/Unity/Hub/Editor/6000.2.6f2/Editor/Data/MonoBleedingEdge/etc'
Using monoOptions --debugger-agent=transport=dt_socket,embedding=1,server=y,suspend=n,address=127.0.0.1:56752
Begin MonoManager ReloadAssembly
Registering precompiled unity dll's ...
Register platform support module: C:/Program Files/Unity/Hub/Editor/6000.2.6f2/Editor/Data/PlaybackEngines/WindowsStandaloneSupport/UnityEditor.WindowsStandalone.Extensions.dll
Registered in 0.006153 seconds.
- Loaded All Assemblies, in  0.990 seconds
Native extension for WindowsStandalone target not found
Mono: successfully reloaded assembly
- Finished resetting the current domain, in  0.780 seconds
Domain Reload Profiling: 1764ms
	BeginReloadAssembly (425ms)
		ExecutionOrderSort (0ms)
		DisableScriptedObjects (0ms)
		BackupInstance (0ms)
		ReleaseScriptingObjects (0ms)
		CreateAndSetChildDomain (1ms)
	RebuildCommonClasses (104ms)
	RebuildNativeTypeToScriptingClass (24ms)
	initialDomainReloadingComplete (113ms)
	LoadAllAssembliesAndSetupDomain (317ms)
		LoadAssemblies (417ms)
		RebuildTransferFunctionScriptingTraits (0ms)
		AnalyzeDomain (312ms)
			TypeCache.Refresh (309ms)
				TypeCache.ScanAssembly (285ms)
			BuildScriptInfoCaches (0ms)
			ResolveRequiredComponents (1ms)
	FinalizeReload (781ms)
		ReleaseScriptCaches (0ms)
		RebuildScriptCaches (0ms)
		SetupLoadedEditorAssemblies (667ms)
			LogAssemblyErrors (0ms)
			InitializePlatformSupportModulesInManaged (117ms)
			SetLoadedEditorAssemblies (8ms)
			BeforeProcessingInitializeOnLoad (175ms)
			ProcessInitializeOnLoadAttributes (264ms)
			ProcessInitializeOnLoadMethodAttributes (102ms)
			AfterProcessingInitializeOnLoad (0ms)
			EditorAssembliesLoaded (0ms)
		ExecutionOrderSort2 (0ms)
		AwakeInstancesAfterBackupRestoration (0ms)
========================================================================
Worker process is ready to serve import requests
Import Worker Mode flag is 0x00
Begin MonoManager ReloadAssembly
[Licensing::Client] Successfully resolved entitlement details
[Licensing::Module] License group:
  Id: 4674097255788-UnityPersXXXX
  Product: Unity Personal
  Type: Assigned
  Expiration: Unlimited
- Loaded All Assemblies, in  1.970 seconds
Refreshing native plugins compatible for Editor in 3.53 ms, found 3 plugins.
Native extension for WindowsStandalone target not found
Package Manager log level set to [2]
[Package Manager] Failed to launch server process. Reason: Unity was launched with the -noUpm command-line argument
[Package Manager] Unable to send message (not connected to server process).
[Package Manager] Cannot connect to Unity Package Manager local server
Mono: successfully reloaded assembly
- Finished resetting the current domain, in  1.769 seconds
Domain Reload Profiling: 3729ms
	BeginReloadAssembly (411ms)
		ExecutionOrderSort (0ms)
		DisableScriptedObjects (22ms)
		BackupInstance (0ms)
		ReleaseScriptingObjects (0ms)
		CreateAndSetChildDomain (50ms)
	RebuildCommonClasses (77ms)
	RebuildNativeTypeToScriptingClass (30ms)
	initialDomainReloadingComplete (93ms)
	LoadAllAssembliesAndSetupDomain (1347ms)
		LoadAssemblies (916ms)
		RebuildTransferFunctionScriptingTraits (0ms)
		AnalyzeDomain (666ms)
			TypeCache.Refresh (510ms)
				TypeCache.ScanAssembly (481ms)
			BuildScriptInfoCaches (121ms)
			ResolveRequiredComponents (27ms)
	FinalizeReload (1770ms)
		ReleaseScriptCaches (0ms)
		RebuildScriptCaches (0ms)
		SetupLoadedEditorAssemblies (1306ms)
			LogAssemblyErrors (0ms)
			InitializePlatformSupportModulesInManaged (4ms)
			SetLoadedEditorAssemblies (12ms)
			BeforeProcessingInitializeOnLoad (327ms)
			ProcessInitializeOnLoadAttributes (826ms)
			ProcessInitializeOnLoadMethodAttributes (120ms)
			AfterProcessingInitializeOnLoad (17ms)
			EditorAssembliesLoaded (0ms)
		ExecutionOrderSort2 (0ms)
		AwakeInstancesAfterBackupRestoration (14ms)
Launched and connected shader compiler UnityShaderCompiler.exe after 0.03 seconds
Refreshing native plugins compatible for Editor in 3.14 ms, found 3 plugins.
Preloading 0 native plugins for Editor in 0.00 ms.
Unloading 14 Unused Serialized files (Serialized files now loaded: 0)
Unloading 6126 unused Assets / (5.6 MB). Loaded Objects now: 6818.
Memory consumption went from 132.1 MB to 126.5 MB.
Total: 17.993500 ms (FindLiveObjects: 1.303300 ms CreateObjectMapping: 1.716100 ms MarkObjects: 9.859700 ms  DeleteObjects: 5.111900 ms)

========================================================================
Received Import Request.
  Time since last request: 93818.738159 seconds.
  path: Assets/Script - Inven
  artifactKey: Guid(3daa49839039c2c4e8664346e84fef0d) Importer(815301076,1909f56bfc062723c751e8b465ee728b)
Start importing Assets/Script - Inven using Guid(3daa49839039c2c4e8664346e84fef0d) Importer(815301076,1909f56bfc062723c751e8b465ee728b) (PreviewImporter) -> (artifact id: 'e5f2e4eaff9f1c93bdad5479dd38fb2d') in 0.0159821 seconds
Number of updated asset objects reloaded before import = 0Number of asset objects unloaded after import = 0

========================================================================
Received Import Request.
  Time since last request: 0.739403 seconds.
  path: Assets/Script - Inven
  artifactKey: Guid(3daa49839039c2c4e8664346e84fef0d) Importer(2089858483,192608db42251d675da83286b1cce702)
Start importing Assets/Script - Inven using Guid(3daa49839039c2c4e8664346e84fef0d) Importer(2089858483,192608db42251d675da83286b1cce702) (ScriptedImporter) -> (artifact id: '1c41a4775b21a7c14901e6d6603ecfc3') in 0.2985962 seconds
Number of updated asset objects reloaded before import = 0Number of asset objects unloaded after import = 1

========================================================================
Received Import Request.
  Time since last request: 36.465304 seconds.
  path: Assets/Script - Inventory
  artifactKey: Guid(3daa49839039c2c4e8664346e84fef0d) Importer(815301076,1909f56bfc062723c751e8b465ee728b)
Start importing Assets/Script - Inventory using Guid(3daa49839039c2c4e8664346e84fef0d) Importer(815301076,1909f56bfc062723c751e8b465ee728b) (PreviewImporter) -> (artifact id: 'baf01abf356a92e26d9f93174df95fc3') in 0.0012382 seconds
Number of updated asset objects reloaded before import = 0Number of asset objects unloaded after import = 0

========================================================================
Received Import Request.
  Time since last request: 0.836875 seconds.
  path: Assets/Script - Inventory
  artifactKey: Guid(3daa49839039c2c4e8664346e84fef0d) Importer(2089858483,192608db42251d675da83286b1cce702)
Start importing Assets/Script - Inventory using Guid(3daa49839039c2c4e8664346e84fef0d) Importer(2089858483,192608db42251d675da83286b1cce702) (ScriptedImporter) -> (artifact id: '3195b08d495386a591f7116c3f1f7986') in 0.0250094 seconds
Number of updated asset objects reloaded before import = 0Number of asset objects unloaded after import = 1

========================================================================
Received Import Request.
  Time since last request: 107.332473 seconds.
  path: Assets/New Folder
  artifactKey: Guid(2ed3ccdb31c424849b0ce7149a1a3dc4) Importer(2089858483,192608db42251d675da83286b1cce702)
Start importing Assets/New Folder using Guid(2ed3ccdb31c424849b0ce7149a1a3dc4) Importer(2089858483,192608db42251d675da83286b1cce702) (ScriptedImporter) -> (artifact id: 'c7d65700cba1ed83bfd879abb17f3eab') in 0.0367258 seconds
Number of updated asset objects reloaded before import = 0Number of asset objects unloaded after import = 1

========================================================================
Received Import Request.
  Time since last request: 10.000986 seconds.
  path: Assets/New Folder
  artifactKey: Guid(2ed3ccdb31c424849b0ce7149a1a3dc4) Importer(815301076,1909f56bfc062723c751e8b465ee728b)
Start importing Assets/New Folder using Guid(2ed3ccdb31c424849b0ce7149a1a3dc4) Importer(815301076,1909f56bfc062723c751e8b465ee728b) (PreviewImporter) -> (artifact id: '2aedf2fe78a13896269db063d81c24e5') in 0.002067 seconds
Number of updated asset objects reloaded before import = 0Number of asset objects unloaded after import = 0

========================================================================
Received Import Request.
  Time since last request: 58.108673 seconds.
  path: Assets/Scripts Inventory
  artifactKey: Guid(c9c8f73d036ba834c831ff300d704bee) Importer(815301076,1909f56bfc062723c751e8b465ee728b)
Start importing Assets/Scripts Inventory using Guid(c9c8f73d036ba834c831ff300d704bee) Importer(815301076,1909f56bfc062723c751e8b465ee728b) (PreviewImporter) -> (artifact id: '1e15a8ef5051b772ef57babe88670a12') in 0.0013661 seconds
Number of updated asset objects reloaded before import = 0Number of asset objects unloaded after import = 0

========================================================================
Received Import Request.
  Time since last request: 0.841175 seconds.
  path: Assets/Scripts Inventory
  artifactKey: Guid(c9c8f73d036ba834c831ff300d704bee) Importer(2089858483,192608db42251d675da83286b1cce702)
Start importing Assets/Scripts Inventory using Guid(c9c8f73d036ba834c831ff300d704bee) Importer(2089858483,192608db42251d675da83286b1cce702) (ScriptedImporter) -> (artifact id: 'be6365645be9b4db12b72e367986db31') in 0.0272932 seconds
Number of updated asset objects reloaded before import = 0Number of asset objects unloaded after import = 1

========================================================================
Received Import Request.
  Time since last request: 123.481571 seconds.
  path: Assets/TutorialInfo/Scripts
  artifactKey: Guid(5a9bcd70e6a4b4b05badaa72e827d8e0) Importer(815301076,1909f56bfc062723c751e8b465ee728b)
Start importing Assets/TutorialInfo/Scripts using Guid(5a9bcd70e6a4b4b05badaa72e827d8e0) Importer(815301076,1909f56bfc062723c751e8b465ee728b) (PreviewImporter) -> (artifact id: 'd5f7b6d5fe4d6ec12174dd17021b0f3b') in 0.0010885 seconds
Number of updated asset objects reloaded before import = 0Number of asset objects unloaded after import = 0

========================================================================
Received Import Request.
  Time since last request: 9.267921 seconds.
  path: Assets/TutorialInfo/Scripts/Inventory
  artifactKey: Guid(1543062dc0ae8a54aba9cb8e08b80de4) Importer(815301076,1909f56bfc062723c751e8b465ee728b)
Start importing Assets/TutorialInfo/Scripts/Inventory using Guid(1543062dc0ae8a54aba9cb8e08b80de4) Importer(815301076,1909f56bfc062723c751e8b465ee728b) (PreviewImporter) -> (artifact id: 'ecbb78e59f0fab00b0f1cfb0bc020457') in 0.0012757 seconds
Number of updated asset objects reloaded before import = 0Number of asset objects unloaded after import = 0

========================================================================
Received Import Request.
  Time since last request: 0.784853 seconds.
  path: Assets/TutorialInfo/Scripts/Inventory
  artifactKey: Guid(1543062dc0ae8a54aba9cb8e08b80de4) Importer(2089858483,192608db42251d675da83286b1cce702)
Start importing Assets/TutorialInfo/Scripts/Inventory using Guid(1543062dc0ae8a54aba9cb8e08b80de4) Importer(2089858483,192608db42251d675da83286b1cce702) (ScriptedImporter) -> (artifact id: 'd1b125dec0aabf740f36e65329813d67') in 0.022339 seconds
Number of updated asset objects reloaded before import = 0Number of asset objects unloaded after import = 1

========================================================================
Received Import Request.
  Time since last request: 128.785773 seconds.
  path: Assets/TutorialInfo/Scripts/Editor
  artifactKey: Guid(3ad9b87dffba344c89909c6d1b1c17e1) Importer(815301076,1909f56bfc062723c751e8b465ee728b)
Start importing Assets/TutorialInfo/Scripts/Editor using Guid(3ad9b87dffba344c89909c6d1b1c17e1) Importer(815301076,1909f56bfc062723c751e8b465ee728b) (PreviewImporter) -> (artifact id: '2befc4d32e7a4c91df83b6e6adefcc2a') in 0.0012484 seconds
Number of updated asset objects reloaded before import = 0Number of asset objects unloaded after import = 0

========================================================================
Received Import Request.
  Time since last request: 136.053982 seconds.
  path: Assets/ScripteableObjects
  artifactKey: Guid(e26b0f3a03a85ff4d9a034381f4cb002) Importer(815301076,1909f56bfc062723c751e8b465ee728b)
Start importing Assets/ScripteableObjects using Guid(e26b0f3a03a85ff4d9a034381f4cb002) Importer(815301076,1909f56bfc062723c751e8b465ee728b) (PreviewImporter) -> (artifact id: '3043f2abd8c6729a5f3e08a0b1a6251c') in 0.0012892 seconds
Number of updated asset objects reloaded before import = 0Number of asset objects unloaded after import = 0

========================================================================
Received Import Request.
  Time since last request: 0.826972 seconds.
  path: Assets/ScripteableObjects
  artifactKey: Guid(e26b0f3a03a85ff4d9a034381f4cb002) Importer(2089858483,192608db42251d675da83286b1cce702)
Start importing Assets/ScripteableObjects using Guid(e26b0f3a03a85ff4d9a034381f4cb002) Importer(2089858483,192608db42251d675da83286b1cce702) (ScriptedImporter) -> (artifact id: 'c9e39d4a181a464ef04bcf5cbef041e6') in 0.0281095 seconds
Number of updated asset objects reloaded before import = 0Number of asset objects unloaded after import = 1

========================================================================
Received Import Request.
  Time since last request: 26.335504 seconds.
  path: Assets/ScripteableObjects/Item
  artifactKey: Guid(8db504b35c307114e982a49b73d5f99d) Importer(815301076,1909f56bfc062723c751e8b465ee728b)
Start importing Assets/ScripteableObjects/Item using Guid(8db504b35c307114e982a49b73d5f99d) Importer(815301076,1909f56bfc062723c751e8b465ee728b) (PreviewImporter) -> (artifact id: 'e81a05894d884e710d58217a44c92f68') in 0.0009701 seconds
Number of updated asset objects reloaded before import = 0Number of asset objects unloaded after import = 0

========================================================================
Received Import Request.
  Time since last request: 0.852179 seconds.
  path: Assets/ScripteableObjects/Item
  artifactKey: Guid(8db504b35c307114e982a49b73d5f99d) Importer(2089858483,192608db42251d675da83286b1cce702)
Start importing Assets/ScripteableObjects/Item using Guid(8db504b35c307114e982a49b73d5f99d) Importer(2089858483,192608db42251d675da83286b1cce702) (ScriptedImporter) -> (artifact id: 'edd34a5cf2b2c615987d5ac8de9af382') in 0.0259522 seconds
Number of updated asset objects reloaded before import = 0Number of asset objects unloaded after import = 1

========================================================================
Received Import Request.
  Time since last request: 9.751039 seconds.
  path: Assets/ScripteableObjects/Items
  artifactKey: Guid(8db504b35c307114e982a49b73d5f99d) Importer(815301076,1909f56bfc062723c751e8b465ee728b)
Start importing Assets/ScripteableObjects/Items using Guid(8db504b35c307114e982a49b73d5f99d) Importer(815301076,1909f56bfc062723c751e8b465ee728b) (PreviewImporter) -> (artifact id: 'b4b8736cd018868fc34a3c7947babb22') in 0.0014577 seconds
Number of updated asset objects reloaded before import = 0Number of asset objects unloaded after import = 0

========================================================================
Received Import Request.
  Time since last request: 0.839922 seconds.
  path: Assets/ScripteableObjects/Items
  artifactKey: Guid(8db504b35c307114e982a49b73d5f99d) Importer(2089858483,192608db42251d675da83286b1cce702)
Start importing Assets/ScripteableObjects/Items using Guid(8db504b35c307114e982a49b73d5f99d) Importer(2089858483,192608db42251d675da83286b1cce702) (ScriptedImporter) -> (artifact id: '91d312c7c2ac1ea042eb34dd00ab4009') in 0.0226808 seconds
Number of updated asset objects reloaded before import = 0Number of asset objects unloaded after import = 1

========================================================================
Received Import Request.
  Time since last request: 100.497880 seconds.
  path: Assets/TutorialInfo
  artifactKey: Guid(ba062aa6c92b140379dbc06b43dd3b9b) Importer(815301076,1909f56bfc062723c751e8b465ee728b)
Start importing Assets/TutorialInfo using Guid(ba062aa6c92b140379dbc06b43dd3b9b) Importer(815301076,1909f56bfc062723c751e8b465ee728b) (PreviewImporter) -> (artifact id: 'bd0ce3b9fb2b0078fcd59af112aef3b6') in 0.0021591 seconds
Number of updated asset objects reloaded before import = 0Number of asset objects unloaded after import = 0

========================================================================
Received Import Request.
  Time since last request: 44.054445 seconds.
  path: Assets/Prefabs
  artifactKey: Guid(2ed3ccdb31c424849b0ce7149a1a3dc4) Importer(815301076,1909f56bfc062723c751e8b465ee728b)
Start importing Assets/Prefabs using Guid(2ed3ccdb31c424849b0ce7149a1a3dc4) Importer(815301076,1909f56bfc062723c751e8b465ee728b) (PreviewImporter) -> (artifact id: '88156d98b7ffad301c2a60ed48227e3d') in 0.0013447 seconds
Number of updated asset objects reloaded before import = 0Number of asset objects unloaded after import = 0

========================================================================
Received Import Request.
  Time since last request: 0.832843 seconds.
  path: Assets/Prefabs
  artifactKey: Guid(2ed3ccdb31c424849b0ce7149a1a3dc4) Importer(2089858483,192608db42251d675da83286b1cce702)
Start importing Assets/Prefabs using Guid(2ed3ccdb31c424849b0ce7149a1a3dc4) Importer(2089858483,192608db42251d675da83286b1cce702) (ScriptedImporter) -> (artifact id: 'c705477f21c456c0a97afdd9fb75e714') in 0.0267145 seconds
Number of updated asset objects reloaded before import = 0Number of asset objects unloaded after import = 1

========================================================================
Received Import Request.
  Time since last request: 31.272066 seconds.
  path: Assets/Prefabs/BeybladeParts
  artifactKey: Guid(c4f60e7a22846284c9d5fbc75480cd37) Importer(815301076,1909f56bfc062723c751e8b465ee728b)
Start importing Assets/Prefabs/BeybladeParts using Guid(c4f60e7a22846284c9d5fbc75480cd37) Importer(815301076,1909f56bfc062723c751e8b465ee728b) (PreviewImporter) -> (artifact id: '3009fa4385e37f9cc3e18d8d68d8b5a6') in 0.0014472 seconds
Number of updated asset objects reloaded before import = 0Number of asset objects unloaded after import = 0

========================================================================
Received Import Request.
  Time since last request: 0.852672 seconds.
  path: Assets/Prefabs/BeybladeParts
  artifactKey: Guid(c4f60e7a22846284c9d5fbc75480cd37) Importer(2089858483,192608db42251d675da83286b1cce702)
Start importing Assets/Prefabs/BeybladeParts using Guid(c4f60e7a22846284c9d5fbc75480cd37) Importer(2089858483,192608db42251d675da83286b1cce702) (ScriptedImporter) -> (artifact id: '7e9834e0ae5f94fe178e9fe87f460b02') in 0.0292646 seconds
Number of updated asset objects reloaded before import = 0Number of asset objects unloaded after import = 1

========================================================================
Received Import Request.
  Time since last request: 28.339777 seconds.
  path: Assets/New Folder
  artifactKey: Guid(43d0eb21d817b7946ac570fcbd4b7582) Importer(2089858483,192608db42251d675da83286b1cce702)
Start importing Assets/New Folder using Guid(43d0eb21d817b7946ac570fcbd4b7582) Importer(2089858483,192608db42251d675da83286b1cce702) (ScriptedImporter) -> (artifact id: '367bddc30842aa90db79f22978e450df') in 0.0351457 seconds
Number of updated asset objects reloaded before import = 0Number of asset objects unloaded after import = 1

========================================================================
Received Import Request.
  Time since last request: 1.162660 seconds.
  path: Assets/New Folder
  artifactKey: Guid(43d0eb21d817b7946ac570fcbd4b7582) Importer(815301076,1909f56bfc062723c751e8b465ee728b)
Start importing Assets/New Folder using Guid(43d0eb21d817b7946ac570fcbd4b7582) Importer(815301076,1909f56bfc062723c751e8b465ee728b) (PreviewImporter) -> (artifact id: 'c5351d2c5c949752babc9704f22d2b9c') in 0.0024527 seconds
Number of updated asset objects reloaded before import = 0Number of asset objects unloaded after import = 0

========================================================================
Received Import Request.
  Time since last request: 12.429975 seconds.
  path: Assets/Sprites
  artifactKey: Guid(43d0eb21d817b7946ac570fcbd4b7582) Importer(815301076,1909f56bfc062723c751e8b465ee728b)
Start importing Assets/Sprites using Guid(43d0eb21d817b7946ac570fcbd4b7582) Importer(815301076,1909f56bfc062723c751e8b465ee728b) (PreviewImporter) -> (artifact id: 'fc057d4d5895b16347788645652250ff') in 0.0015978 seconds
Number of updated asset objects reloaded before import = 0Number of asset objects unloaded after import = 0

========================================================================
Received Import Request.
  Time since last request: 0.847069 seconds.
  path: Assets/Sprites
  artifactKey: Guid(43d0eb21d817b7946ac570fcbd4b7582) Importer(2089858483,192608db42251d675da83286b1cce702)
Start importing Assets/Sprites using Guid(43d0eb21d817b7946ac570fcbd4b7582) Importer(2089858483,192608db42251d675da83286b1cce702) (ScriptedImporter) -> (artifact id: 'ecf82bb8c111de84626121022a2c1694') in 0.0233077 seconds
Number of updated asset objects reloaded before import = 0Number of asset objects unloaded after import = 1

========================================================================
Received Import Request.
  Time since last request: 15.089433 seconds.
  path: Assets/Sprites/PartIcons
  artifactKey: Guid(37f439e7cd9260c42ba51e01c84f5d3d) Importer(815301076,1909f56bfc062723c751e8b465ee728b)
Start importing Assets/Sprites/PartIcons using Guid(37f439e7cd9260c42ba51e01c84f5d3d) Importer(815301076,1909f56bfc062723c751e8b465ee728b) (PreviewImporter) -> (artifact id: '9287dfc420d8ff78b5c1a6940955c88e') in 0.0011689 seconds
Number of updated asset objects reloaded before import = 0Number of asset objects unloaded after import = 0

========================================================================
Received Import Request.
  Time since last request: 0.840610 seconds.
  path: Assets/Sprites/PartIcons
  artifactKey: Guid(37f439e7cd9260c42ba51e01c84f5d3d) Importer(2089858483,192608db42251d675da83286b1cce702)
Start importing Assets/Sprites/PartIcons using Guid(37f439e7cd9260c42ba51e01c84f5d3d) Importer(2089858483,192608db42251d675da83286b1cce702) (ScriptedImporter) -> (artifact id: 'e7c9ff6a0559e1ba970222074276b171') in 0.0269205 seconds
Number of updated asset objects reloaded before import = 0Number of asset objects unloaded after import = 1

========================================================================
Received Import Request.
  Time since last request: 27.418058 seconds.
  path: Assets/Sprites/PartsIcons
  artifactKey: Guid(37f439e7cd9260c42ba51e01c84f5d3d) Importer(815301076,1909f56bfc062723c751e8b465ee728b)
Start importing Assets/Sprites/PartsIcons using Guid(37f439e7cd9260c42ba51e01c84f5d3d) Importer(815301076,1909f56bfc062723c751e8b465ee728b) (PreviewImporter) -> (artifact id: '617db1adb00f2619ef14234f7a374dc7') in 0.0013987 seconds
Number of updated asset objects reloaded before import = 0Number of asset objects unloaded after import = 0

========================================================================
Received Import Request.
  Time since last request: 0.840825 seconds.
  path: Assets/Sprites/PartsIcons
  artifactKey: Guid(37f439e7cd9260c42ba51e01c84f5d3d) Importer(2089858483,192608db42251d675da83286b1cce702)
Start importing Assets/Sprites/PartsIcons using Guid(37f439e7cd9260c42ba51e01c84f5d3d) Importer(2089858483,192608db42251d675da83286b1cce702) (ScriptedImporter) -> (artifact id: '73a613472a0172af1c39ce6cff522470') in 0.0318366 seconds
Number of updated asset objects reloaded before import = 0Number of asset objects unloaded after import = 1

========================================================================
Received Prepare
Refreshing native plugins compatible for Editor in 2.87 ms, found 3 plugins.
Preloading 0 native plugins for Editor in 0.00 ms.
Unloading 14 Unused Serialized files (Serialized files now loaded: 0)
Unloading 6113 unused Assets / (4.3 MB). Loaded Objects now: 6818.
Memory consumption went from 132.8 MB to 128.5 MB.
Total: 15.657300 ms (FindLiveObjects: 1.179000 ms CreateObjectMapping: 1.614300 ms MarkObjects: 9.263300 ms  DeleteObjects: 3.598600 ms)

Prepare: number of updated asset objects reloaded= 0
========================================================================
Received Prepare
Refreshing native plugins compatible for Editor in 2.37 ms, found 3 plugins.
Preloading 0 native plugins for Editor in 0.00 ms.
Unloading 14 Unused Serialized files (Serialized files now loaded: 0)
Unloading 6113 unused Assets / (5.1 MB). Loaded Objects now: 6818.
Memory consumption went from 134.5 MB to 129.4 MB.
Total: 16.638800 ms (FindLiveObjects: 1.381100 ms CreateObjectMapping: 1.382600 ms MarkObjects: 8.500200 ms  DeleteObjects: 5.372000 ms)

Prepare: number of updated asset objects reloaded= 0
========================================================================
Received Import Request.
  Time since last request: 42.154907 seconds.
  path: Assets/Settings/Inventario.cs
  artifactKey: Guid(25ba47a8471dcc34f92d37f580506882) Importer(2089858483,192608db42251d675da83286b1cce702)
Start importing Assets/Settings/Inventario.cs using Guid(25ba47a8471dcc34f92d37f580506882) Importer(2089858483,192608db42251d675da83286b1cce702) (ScriptedImporter) -> (artifact id: '20da1116e9bd1d5246bc8189fa53f168') in 0.0884584 seconds
Number of updated asset objects reloaded before import = 0Number of asset objects unloaded after import = 0

========================================================================
Received Import Request.
  Time since last request: 16.361417 seconds.
  path: Assets/Scripts
  artifactKey: Guid(7698eccf48fae6e4ca3ba083fa73cfb7) Importer(815301076,1909f56bfc062723c751e8b465ee728b)
Start importing Assets/Scripts using Guid(7698eccf48fae6e4ca3ba083fa73cfb7) Importer(815301076,1909f56bfc062723c751e8b465ee728b) (PreviewImporter) -> (artifact id: 'aa89f78817f61b8784ad8be32c21b758') in 0.0010969 seconds
Number of updated asset objects reloaded before import = 0Number of asset objects unloaded after import = 0

========================================================================
Received Import Request.
  Time since last request: 0.793103 seconds.
  path: Assets/Scripts
  artifactKey: Guid(7698eccf48fae6e4ca3ba083fa73cfb7) Importer(2089858483,192608db42251d675da83286b1cce702)
Start importing Assets/Scripts using Guid(7698eccf48fae6e4ca3ba083fa73cfb7) Importer(2089858483,192608db42251d675da83286b1cce702) (ScriptedImporter) -> (artifact id: '46ca381f9d7f69cb447d128a96769fe7') in 0.0246818 seconds
Number of updated asset objects reloaded before import = 0Number of asset objects unloaded after import = 1

========================================================================
Received Import Request.
  Time since last request: 11.349383 seconds.
  path: Assets/Scripts/Inventory
  artifactKey: Guid(b5a2617bbe8e212429db98158cf649c1) Importer(815301076,1909f56bfc062723c751e8b465ee728b)
Start importing Assets/Scripts/Inventory using Guid(b5a2617bbe8e212429db98158cf649c1) Importer(815301076,1909f56bfc062723c751e8b465ee728b) (PreviewImporter) -> (artifact id: 'd74e2aacb4db9b899f1cc07d4be6f70a') in 0.0014865 seconds
Number of updated asset objects reloaded before import = 0Number of asset objects unloaded after import = 0

========================================================================
Received Import Request.
  Time since last request: 0.858430 seconds.
  path: Assets/Scripts/Inventory
  artifactKey: Guid(b5a2617bbe8e212429db98158cf649c1) Importer(2089858483,192608db42251d675da83286b1cce702)
Start importing Assets/Scripts/Inventory using Guid(b5a2617bbe8e212429db98158cf649c1) Importer(2089858483,192608db42251d675da83286b1cce702) (ScriptedImporter) -> (artifact id: 'ec10f55d76f92a516f52b86cb558f764') in 0.0211224 seconds
Number of updated asset objects reloaded before import = 0Number of asset objects unloaded after import = 1

========================================================================
Received Prepare
Refreshing native plugins compatible for Editor in 11.42 ms, found 3 plugins.
Preloading 0 native plugins for Editor in 0.00 ms.
Unloading 14 Unused Serialized files (Serialized files now loaded: 0)
Unloading 6114 unused Assets / (4.8 MB). Loaded Objects now: 6819.
Memory consumption went from 132.8 MB to 128.0 MB.
Total: 36.591200 ms (FindLiveObjects: 1.509000 ms CreateObjectMapping: 1.836200 ms MarkObjects: 26.870000 ms  DeleteObjects: 6.372800 ms)

Prepare: number of updated asset objects reloaded= 0
========================================================================
Received Import Request.
  Time since last request: 1382.619330 seconds.
  path: Assets/Scripts/Inventory/items.cs
  artifactKey: Guid(b9d0cf5fd430c6245a6192d660d01f59) Importer(2089858483,192608db42251d675da83286b1cce702)
Start importing Assets/Scripts/Inventory/items.cs using Guid(b9d0cf5fd430c6245a6192d660d01f59) Importer(2089858483,192608db42251d675da83286b1cce702) (ScriptedImporter) -> (artifact id: 'cc597306c42fe76785dd52766233a535') in 0.0367474 seconds
Number of updated asset objects reloaded before import = 0Number of asset objects unloaded after import = 0

========================================================================
Received Prepare
Refreshing native plugins compatible for Editor in 8.99 ms, found 3 plugins.
Preloading 0 native plugins for Editor in 0.00 ms.
Unloading 14 Unused Serialized files (Serialized files now loaded: 0)
Unloading 6115 unused Assets / (4.6 MB). Loaded Objects now: 6820.
Memory consumption went from 132.8 MB to 128.3 MB.
Total: 27.101400 ms (FindLiveObjects: 1.810200 ms CreateObjectMapping: 2.208400 ms MarkObjects: 15.664600 ms  DeleteObjects: 7.413500 ms)

Prepare: number of updated asset objects reloaded= 0
========================================================================
Received Prepare
Refreshing native plugins compatible for Editor in 5.67 ms, found 3 plugins.
Preloading 0 native plugins for Editor in 0.00 ms.
Unloading 14 Unused Serialized files (Serialized files now loaded: 0)
Unloading 6116 unused Assets / (4.6 MB). Loaded Objects now: 6821.
Memory consumption went from 134.5 MB to 130.0 MB.
Total: 21.160600 ms (FindLiveObjects: 1.566600 ms CreateObjectMapping: 1.875300 ms MarkObjects: 12.518700 ms  DeleteObjects: 5.196600 ms)

Prepare: number of updated asset objects reloaded= 0
========================================================================
Received Import Request.
  Time since last request: 155.471551 seconds.
  path: Assets/Scripts/Inventory/PlayerBeyData.cs
  artifactKey: Guid(9247ab141839e8d498c5e7695f084949) Importer(2089858483,192608db42251d675da83286b1cce702)
Start importing Assets/Scripts/Inventory/PlayerBeyData.cs using Guid(9247ab141839e8d498c5e7695f084949) Importer(2089858483,192608db42251d675da83286b1cce702) (ScriptedImporter) -> (artifact id: '90fd25fb48e8a12d1ee1af149c2acf32') in 0.0340594 seconds
Number of updated asset objects reloaded before import = 0Number of asset objects unloaded after import = 0

========================================================================
Received Prepare
Refreshing native plugins compatible for Editor in 5.73 ms, found 3 plugins.
Preloading 0 native plugins for Editor in 0.00 ms.
Unloading 14 Unused Serialized files (Serialized files now loaded: 0)
Unloading 6117 unused Assets / (4.1 MB). Loaded Objects now: 6822.
Memory consumption went from 132.8 MB to 128.7 MB.
Total: 13.771600 ms (FindLiveObjects: 1.357100 ms CreateObjectMapping: 1.448100 ms MarkObjects: 7.506600 ms  DeleteObjects: 3.456600 ms)

Prepare: number of updated asset objects reloaded= 0
========================================================================
Received Import Request.
  Time since last request: 696.929664 seconds.
  path: Assets/Scripts/Inventory/InventoryUI.cs
  artifactKey: Guid(76b92833dd458cf43a0e69cb02ff696e) Importer(2089858483,192608db42251d675da83286b1cce702)
Start importing Assets/Scripts/Inventory/InventoryUI.cs using Guid(76b92833dd458cf43a0e69cb02ff696e) Importer(2089858483,192608db42251d675da83286b1cce702) (ScriptedImporter) -> (artifact id: '00000000000000000000000000000000') in 0.0162333 seconds
Import Error Code:(4)
Message: Build asset version error: assets/scripts/inventory/inventoryui.cs in SourceAssetDB has modification time of '2025-10-17T14:24:00.8182507Z' while content on disk has modification time of '2025-10-17T14:24:14.5106543Z'
  ERROR: Build asset version error: assets/scripts/inventory/inventoryui.cs in SourceAssetDB has modification time of '2025-10-17T14:24:00.8182507Z' while content on disk has modification time of '2025-10-17T14:24:14.5106543Z'
Number of updated asset objects reloaded before import = 0Number of asset objects unloaded after import = 0

========================================================================
Received Prepare
Refreshing native plugins compatible for Editor in 2.68 ms, found 3 plugins.
Preloading 0 native plugins for Editor in 0.00 ms.
Unloading 14 Unused Serialized files (Serialized files now loaded: 0)
Unloading 6118 unused Assets / (4.7 MB). Loaded Objects now: 6823.
Memory consumption went from 132.8 MB to 128.2 MB.
Total: 13.485700 ms (FindLiveObjects: 1.266200 ms CreateObjectMapping: 1.060100 ms MarkObjects: 7.487800 ms  DeleteObjects: 3.668100 ms)

Prepare: number of updated asset objects reloaded= 0
========================================================================
Received Import Request.
  Time since last request: 102.832075 seconds.
  path: Assets/Scripts/Inventory/InventoryUI.cs
  artifactKey: Guid(76b92833dd458cf43a0e69cb02ff696e) Importer(2089858483,192608db42251d675da83286b1cce702)
Start importing Assets/Scripts/Inventory/InventoryUI.cs using Guid(76b92833dd458cf43a0e69cb02ff696e) Importer(2089858483,192608db42251d675da83286b1cce702) (ScriptedImporter) -> (artifact id: '4477911d0bb0e68b71d4aec704ab69bc') in 0.0304282 seconds
Number of updated asset objects reloaded before import = 0Number of asset objects unloaded after import = 0

========================================================================
Received Import Request.
  Time since last request: 485.029120 seconds.
  path: Assets/Scenes/SampleScene.unity
  artifactKey: Guid(99c9720ab356a0642a771bea13969a05) Importer(2089858483,192608db42251d675da83286b1cce702)
Start importing Assets/Scenes/SampleScene.unity using Guid(99c9720ab356a0642a771bea13969a05) Importer(2089858483,192608db42251d675da83286b1cce702) (ScriptedImporter) -> (artifact id: 'd65daf39b26318be43b944c3618df83d') in 0.0410005 seconds
Number of updated asset objects reloaded before import = 0Number of asset objects unloaded after import = 1

